BetterBench 0.6.0 · corpus v1.0
phases: prefill
model max context: 200000 tokens
output: w8a16/betterbench.json
[prefill] depth ~2000 tok: warmup 2 + 8
[prefill] depth ~8000 tok: warmup 2 + 8
[prefill] depth ~16000 tok: warmup 2 + 8
[prefill] depth ~32000 tok: warmup 2 + 8
[prefill] depth ~64000 tok: warmup 2 + 8
[prefill] depth ~128000 tok: warmup 2 + 8

wrote w8a16/betterbench.json
# BetterBench report

- **endpoint**: `http://127.0.0.1:18982/v1`  ·  **model**: `fn`  ·  **host**: testbench
- **corpus**: v1.0  ·  **sampling**: temp 0.7  ·  prefix-cache: cold (nonce)  ·  **phases**: prefill
- **gpu**: amd ['device,Card Series,Card Model,Card Vendor,Card SKU,Subsystem ID,Device Rev,Node ID,GUID,GFX Version', 'card0,AMD Radeon AI PRO R9700,0x7551,Advanced Micro Devices Inc. [AMD/ATI],48WD6SHD1,-0x67ff,0xc0,1,40141,gfx1201', 'card1,AMD Radeon AI PRO R9700,0x7551,Advanced Micro Devices Inc. [AMD/ATI],48WD6SHD1,0x0626,0xc0,2,46012,gfx1201']

## Prompt processing (prefill) sweep

Prefill throughput = prompt tokens ÷ TTFT, at increasing input depth (tiny decode, cold prefix cache). PP t/s columns: 1% low / median / 99% high.

| target depth | prompt tokens (med) | TTFT p50 (ms) | PP t/s 1% low | PP t/s median | PP t/s 99% high |
|--:|--:|--:|--:|--:|--:|
| 2000 | 1556 | 217.0 | 7118.5† | 7188.7 | 7418.1† |
| 8000 | 5934 | 789.5 | 7490.2† | 7523.6 | 7530.7† |
| 16000 | 11842 | 1576.0 | 7507.6† | 7513.1 | 7529.7† |
| 32000 | 23590 | 3157.8 | 7441.0† | 7458.3 | 7487.8† |
| 64000 | 47056 | 6383.5 | 7302.9† | 7367.9 | 7384.7† |
| 128000 | 94164 | 13137.1 | 7139.4† | 7170.1 | 7195.9† |

---
*† this percentile rests on fewer samples than `n · tail ≥ 5` requires — a p99 needs 500 observations, and 20 passes give 20. Read it as "roughly the worst observed", not as a percentile. The full list is under `sample_gate` in `results.json`.*

*Generated by BetterBench. See METHODOLOGY.md §sample-size.*
