BetterBench 0.6.0 · corpus v1.0 · 29 prompts in 8 categories
phases: decode
3 warmup + 20 measured passes per category
output: decode/betterbench.json
[single] chat: warmup 3 + 20 runs
[single] code: warmup 3 + 20 runs
[single] file_edit: warmup 3 + 20 runs
[single] json: warmup 3 + 20 runs
[single] math: warmup 3 + 20 runs
[single] prose: warmup 3 + 20 runs
[single] reasoning: warmup 3 + 20 runs
[single] summarization: warmup 3 + 20 runs

wrote decode/betterbench.json
# BetterBench report

- **endpoint**: `http://127.0.0.1:18982/v1`  ·  **model**: `fn`  ·  **host**: testbench
- **corpus**: v1.0  ·  **sampling**: temp 0.7  ·  **passes/cat**: 20  ·  prefix-cache: cold (nonce)  ·  **phases**: decode
- **gpu**: amd ['device,Card Series,Card Model,Card Vendor,Card SKU,Subsystem ID,Device Rev,Node ID,GUID,GFX Version', 'card0,AMD Radeon AI PRO R9700,0x7551,Advanced Micro Devices Inc. [AMD/ATI],48WD6SHD1,-0x67ff,0xc0,1,40141,gfx1201', 'card1,AMD Radeon AI PRO R9700,0x7551,Advanced Micro Devices Inc. [AMD/ATI],48WD6SHD1,0x0626,0xc0,2,46012,gfx1201']

## Single-stream (batch = 1)

This server packs several tokens into one stream update (speculative decoding), so there is no per-token latency to report — the tokens in an update arrive together. **update p50/p99** is the measured wall-clock gap between updates (p99 is the stutter); **tok/update** is how many tokens land per update. TTFT in ms; decode = per-run tok/s.

| category | passes | TTFT p50 | TTFT p99 | update p50 (ms) | update p99 (ms) | tok/update | decode t/s (med) | ±IQR | CV |
|---|--:|--:|--:|--:|--:|--:|--:|--:|--:|
| chat | 20 | 114.1 | 130.6† | 13.1 | 13.9 | 2.63 | 202.1 | 51.0 | 15.0% |
| code | 20 | 122.1 | 130.4† | 13.1 | 13.7 | 2.74 | 214.3 | 49.4 | 12.1% |
| file_edit | 20 | 117.1 | 125.2† | 13.1 | 13.8 | 3.08 | 236.0 | 37.4 | 8.8% |
| json | 20 | 119.1 | 130.6† | 13.1 | 14.6 | 3.36 | 259.2 | 12.0 | 4.4% |
| math | 20 | 118.9 | 126.7† | 13.1 | 13.8 | 3.31 | 255.5 | 22.5 | 5.1% |
| prose | 20 | 113.8 | 129.3† | 13.0 | 13.6 | 2.34 | 183.3 | 30.2 | 11.7% |
| reasoning | 20 | 110.1 | 124.6† | 13.1 | 13.6 | 2.48 | 190.1 | 31.4 | 13.5% |
| summarization | 20 | 115.0 | 125.0† | 13.1 | 14.6 | 3.06 | 239.8 | 14.2 | 5.4% |

**Combined (weighted code:0.3, reasoning:0.2, prose:0.15, json:0.15, file_edit:0.1, summarization:0.1)** — decode t/s median ≈ **216.3**, update p99 ≈ **13.9 ms**, TTFT p50 ≈ **117 ms**

*160 of 160 runs streamed several tokens per update (`chunk_token_mismatch`). Per-token ITL is not reported for them — see METHODOLOGY.md §chunk-token.*

## Reasoning / answer split

A per-token rate cannot see how much of a run was spent thinking. Two configs with identical decode t/s can take very different times to reach an answer. **TTFA** is time to the first *answer* token — the wait a reader actually feels.

| category | runs w/ split | reasoning share (est) | TTFA p50 (ms) | never reached answer |
|---|--:|--:|--:|--:|
| chat | 10/20 | 47% | 579.5 | 10/20 |
| code | 12/20 | 72% | 1735.7 | 8/20 |
| file_edit | 7/20 | — | 581.7 | 13/20 |
| json | 15/20 | 49% | 543.4 | 5/20 |
| math | 15/20 | 45% | 610.3 | 5/20 |
| prose | 5/20 | — | 1043.1 | 15/20 |
| reasoning | 8/20 | — | 1231.4 | 12/20 |
| summarization | 16/20 | 37% | 332.8 | 4/20 |

*A `—` means too few runs reached an answer to say (fewer than 5, or under half the passes). Runs cut off before any answer began are counted, not folded in: crediting their output as an answer would flatter the result. Token counts are apportioned by character count, so the share is an estimate — punctuation-dense answers (json, code) are under-counted.*

*Stopped at `max_tokens`: **114/160** runs (71%). On a thinking model a truncated run measures the thinking phase, not a complete answer.*

---
*† this percentile rests on fewer samples than `n · tail ≥ 5` requires — a p99 needs 500 observations, and 20 passes give 20. Read it as "roughly the worst observed", not as a percentile. The full list is under `sample_gate` in `results.json`.*

*Generated by BetterBench. See METHODOLOGY.md §sample-size.*
