BetterBench 0.6.0 · corpus v1.0 · 29 prompts in 8 categories
phases: concurrency
output: concurrency/betterbench.json
[concurrency] level 1: 48 requests
[concurrency] level 2: 48 requests
[concurrency] level 4: 48 requests
[concurrency] level 8: 48 requests

wrote concurrency/betterbench.json
# BetterBench report

- **endpoint**: `http://127.0.0.1:18982/v1`  ·  **model**: `fn`  ·  **host**: testbench
- **corpus**: v1.0  ·  **sampling**: temp 0.7  ·  prefix-cache: cold (nonce)  ·  **phases**: concurrency
- **gpu**: amd ['device,Card Series,Card Model,Card Vendor,Card SKU,Subsystem ID,Device Rev,Node ID,GUID,GFX Version', 'card0,AMD Radeon AI PRO R9700,0x7551,Advanced Micro Devices Inc. [AMD/ATI],48WD6SHD1,-0x67ff,0xc0,1,40141,gfx1201', 'card1,AMD Radeon AI PRO R9700,0x7551,Advanced Micro Devices Inc. [AMD/ATI],48WD6SHD1,0x0626,0xc0,2,46012,gfx1201']

## Concurrency sweep

| level | ok/req | aggregate t/s | TTFT p50 | TTFT p99 | per-req decode t/s (med) |
|--:|--:|--:|--:|--:|--:|
| 1 | 48/48 | 204.6 | 117.3 | 126.9† | 238.7 |
| 2 | 48/48 | 315.1 | 147.5 | 219.6† | 182.5 |
| 4 | 48/48 | 449.2 | 161.6 | 296.3† | 133.6 |
| 8 | 48/48 | 565.1 | 182.9 | 277.3† | 86.4 |

---
*† this percentile rests on fewer samples than `n · tail ≥ 5` requires — a p99 needs 500 observations, and 20 passes give 20. Read it as "roughly the worst observed", not as a percentile. The full list is under `sample_gate` in `results.json`.*

*Generated by BetterBench. See METHODOLOGY.md §sample-size.*
