BetterBench 0.6.0 · corpus v1.0
phases: prefill
model max context: 200000 tokens
output: prefill/betterbench.json
[prefill] depth ~2000 tok: warmup 2 + 8
[prefill] depth ~8000 tok: warmup 2 + 8
[prefill] depth ~16000 tok: warmup 2 + 8
[prefill] depth ~32000 tok: warmup 2 + 8
[prefill] depth ~64000 tok: warmup 2 + 8
[prefill] depth ~128000 tok: warmup 2 + 8

wrote prefill/betterbench.json
# BetterBench report

- **endpoint**: `http://127.0.0.1:18982/v1`  ·  **model**: `fn`  ·  **host**: testbench
- **corpus**: v1.0  ·  **sampling**: temp 0.7  ·  prefix-cache: cold (nonce)  ·  **phases**: prefill
- **gpu**: amd ['device,Card Series,Card Model,Card Vendor,Card SKU,Subsystem ID,Device Rev,Node ID,GUID,GFX Version', 'card0,AMD Radeon AI PRO R9700,0x7551,Advanced Micro Devices Inc. [AMD/ATI],48WD6SHD1,-0x67ff,0xc0,1,40141,gfx1201', 'card1,AMD Radeon AI PRO R9700,0x7551,Advanced Micro Devices Inc. [AMD/ATI],48WD6SHD1,0x0626,0xc0,2,46012,gfx1201']

## Prompt processing (prefill) sweep

Prefill throughput = prompt tokens ÷ TTFT, at increasing input depth (tiny decode, cold prefix cache). PP t/s columns: 1% low / median / 99% high.

| target depth | prompt tokens (med) | TTFT p50 (ms) | PP t/s 1% low | PP t/s median | PP t/s 99% high |
|--:|--:|--:|--:|--:|--:|
| 2000 | 1556 | 196.9 | 7875.7† | 7924.7 | 8035.2† |
| 8000 | 5934 | 713.8 | 8301.2† | 8321.4 | 8365.7† |
| 16000 | 11842 | 1425.2 | 8271.3† | 8310.6 | 8329.9† |
| 32000 | 23590 | 2864.4 | 8208.9† | 8232.5 | 8258.5† |
| 64000 | 47056 | 5760.8 | 8103.5† | 8161.2 | 8180.9† |
| 128000 | 94164 | 11873.8 | 7882.5† | 7927.5 | 7950.0† |

---
*† this percentile rests on fewer samples than `n · tail ≥ 5` requires — a p99 needs 500 observations, and 20 passes give 20. Read it as "roughly the worst observed", not as a percentile. The full list is under `sample_gate` in `results.json`.*

*Generated by BetterBench. See METHODOLOGY.md §sample-size.*
